To create a react app:
$ npx create-react-app@latest project-name

or we can use vite:
$ npm create vite@latest

To update an existing project:
$ npm update --save

React does not render true, false, and null values:
{ true }  // nothing will be printed

A Reactjs package to import SVG files:
$ npm i vite-plugin-svgr

To solve the error:
Uncaught SyntaxError: The requested module '/src/components/DarkMode/Moon.svg?import' does not provide an export named 'ReactComponent'


=======================================
React fragment: <></>

React fragment lets us group elements without any effect in HTML DOM. Since all elements in a component in React must be in a root element, we need to group all elements in a component in a root element. But it may affect CSS. So that's the case that we can use React fragment:

<>
	<h2></h2>
	<p></p>
</>

Sometimes, we need to set a key for the React fragment. For example, in a list. In this case, we can use this:

<React.Fragment key='myKey'>
.
.
.
</React.Fragment>


==========================================

When we are mapping arrays in jsx, It's better to set the key for each element:


<ul>
  {
    tasks.map(task => (
      <li key={task.id}>{task.title}</li>
    ))
  }
</ul>


==========================================

Calling event handler function: 
We can call the handler function directly, or we can define a function that returns the handler function and passes in the event object.

const [task, setTask] = useState('');
const handleTaskChange = e => {
    setTask(e.target.value);
}

<input type="text" onChange={e => handleTaskChange(e)} />
OR
<input type="text" onChange={handleTaskChange} />


==========================================

React StrictMode is a tool provided by React that helps developers write better-quality code by highlighting potential problems during development. For example, it checks for:
- Not supported or deprecated React APIs and components.
- Unsafe state updates
- Potentially unnecessary re-renders.


==========================================
=============== Routing ==================
==========================================

To enable routing in Reactjs, first, we need to install react router dom package:

$ npm i react-router-dom

and then, add the following tag to the main.jsx:

<BrowserRouter>
    <App>
</BrowserRouter>

Now, we have to add routing components where we want to define the routing. for example:

<Routes>
    <Route path='/' element={<MovieList type="popular" title="Popular" />} />
    <Route path='/top-rated' element={<MovieList type="top_rated" title="top Rated" />} />
    <Route path='/upcoming' element={<MovieList type="upcoming" title="Upcoming" />} />
</Routes>

In this example, we defined three routes. For the path of '/' the MovieList component will be run with the parameters we passed.

After that, we should replace <a> tags with Link or NavLink components. For example, <a href="/cart">Cart</a> must be replaced with <Link to='/cart'></Link>
